is_async_pin         is_clock_network     Point               
----------------------------------------------------------------------------------------------------
false                false                optlc_2665/ZN       
false                false                optlc_2663/ZN       
false                false                optlc_2664/ZN       
false                false                U30/I               
false                false                U30/ZN              
false                false                U361/I              
false                false                U361/ZN             
false                false                U183/I              
false                false                U183/ZN             
false                false                ctmTdsLR_1_2495/A1  
false                false                ctmTdsLR_1_2495/A2  
false                false                ctmTdsLR_1_2495/A3  
false                false                ctmTdsLR_1_2495/Z   
false                false                ZBUF_2_inst_2136/I  
false                false                ZBUF_2_inst_2136/Z  
false                false                ropt_h_inst_2789/I  
false                false                ropt_h_inst_2789/Z  
false                false                ropt_d_inst_2894/I  
false                false                ropt_d_inst_2894/Z  
false                false                ctmTdsLR_2_1038/I   
false                false                ctmTdsLR_2_1038/Z   
false                false                U6/I                
false                false                U6/ZN               
false                false                U10/I               
false                false                U10/ZN              
false                false                copt_h_inst_2638/I  
false                false                copt_h_inst_2638/Z  
false                false                ctmTdsLR_2_2088/I   
false                false                ctmTdsLR_2_2088/ZN  
false                false                copt_h_inst_2650/I  
false                false                copt_h_inst_2650/Z  
false                false                ctmTdsLR_4_1569/A1  
false                false                ctmTdsLR_4_1569/A2  
false                false                ctmTdsLR_4_1569/B   
false                false                ctmTdsLR_4_1569/ZN  
false                false                U175/I              
false                false                U175/ZN             
false                false                copt_h_inst_2630/I  
false                false                copt_h_inst_2630/Z  
false                false                U184/I              
false                false                U184/ZN             
false                false                copt_h_inst_2631/I  
false                false                copt_h_inst_2631/Z  
false                false                ropt_h_inst_2788/I  
false                false                ropt_h_inst_2788/Z  
false                false                rx_valid_r_reg/D    
false                true                 rx_valid_r_reg/CP   
false                false                rx_valid_r_reg/Q    
false                false                U15/I               
false                false                U15/ZN              
false                false                U172/I              
false                false                U172/ZN             
false                false                copt_h_inst_2654/I  
false                false                copt_h_inst_2654/Z  
false                false                ctmTdsLR_3_1568/I   
false                false                ctmTdsLR_3_1568/ZN  
false                false                ctmTdsLR_2_398/I    
false                false                ctmTdsLR_2_398/ZN   
false                false                copt_h_inst_2636/I  
false                false                copt_h_inst_2636/Z  
false                false                ctmTdsLR_4_450/I    
false                false                ctmTdsLR_4_450/ZN   
false                false                ctmTdsLR_1_561/A1   
false                false                ctmTdsLR_1_561/A2   
false                false                ctmTdsLR_1_561/Z    
false                false                copt_h_inst_2632/I  
false                false                copt_h_inst_2632/Z  
false                false                ctmTdsLR_1_2068/I   
false                false                ctmTdsLR_1_2068/ZN  
false                false                ctmTdsLR_2_2604/I   
false                false                ctmTdsLR_2_2604/ZN  
false                true                 ZCTSBUF_1822_2137/I 
false                true                 ZCTSBUF_1822_2137/Z 
false                false                U76/A1              
false                false                U76/A2              
false                false                U76/Z               
false                false                ctmTdsLR_2_1055/A1  
false                false                ctmTdsLR_2_1055/A2  
false                false                ctmTdsLR_2_1055/ZN  
false                false                copt_h_inst_2644/I  
false                false                copt_h_inst_2644/Z  
false                false                U11/A1              
false                false                U11/A2              
false                false                U11/Z               
false                false                U135/A1             
false                false                U135/A2             
false                false                U135/A3             
false                false                U135/Z              
false                false                U133/I              
false                false                U133/ZN             
false                false                U651/I              
false                false                U651/ZN             
false                false                U163/I              
false                false                U163/ZN             
false                true                 ZCTSBUF_3304_2138/I 
false                true                 ZCTSBUF_3304_2138/Z 
false                false                ropt_h_inst_2787/I  
false                false                ropt_h_inst_2787/Z  
false                false                U2210/I             
false                false                U2210/ZN            
false                false                U371/I              
false                false                U371/ZN             
false                false                ctmTdsLR_2_529/I    
false                false                ctmTdsLR_2_529/ZN   
false                false                ctmTdsLR_1_1054/I   
false                false                ctmTdsLR_1_1054/ZN  
false                false                rxd_r_reg/D         
false                true                 rxd_r_reg/CP        
false                false                rxd_r_reg/QN        
false                false                U180/I              
false                false                U180/ZN             
false                false                U171/I              
false                false                U171/ZN             
false                false                U150/A1             
false                false                U150/A2             
false                false                U150/Z              
false                false                ctmTdsLR_2_2558/A1  
false                false                ctmTdsLR_2_2558/A2  
false                false                ctmTdsLR_2_2558/A3  
false                false                ctmTdsLR_2_2558/ZN  
false                false                U16/A1              
false                false                U16/A2              
false                false                U16/Z               
false                false                U111/I              
false                false                U111/ZN             
false                false                copt_h_inst_2652/I  
false                false                copt_h_inst_2652/Z  
false                false                ZBUF_34_inst_2426/I 
false                false                ZBUF_34_inst_2426/Z 
false                false                U248/A1             
false                false                U248/A2             
false                false                U248/Z              
false                false                U29/I               
false                false                U29/ZN              
false                false                copt_h_inst_2651/I  
false                false                copt_h_inst_2651/Z  
false                false                U28/I               
false                false                U28/ZN              
false                false                copt_h_inst_2655/I  
false                false                copt_h_inst_2655/Z  
false                false                U301/I              
false                false                U301/ZN             
false                false                copt_h_inst_2635/I  
false                false                copt_h_inst_2635/Z  
false                false                copt_h_inst_2637/I  
false                false                copt_h_inst_2637/Z  
false                false                copt_h_inst_2639/I  
false                false                copt_h_inst_2639/Z  
false                false                copt_h_inst_2646/I  
false                false                copt_h_inst_2646/Z  
false                false                copt_h_inst_2648/I  
false                false                copt_h_inst_2648/Z  
false                false                ctmTdsLR_1_566/I    
false                false                ctmTdsLR_1_566/ZN   
false                false                ropt_h_inst_2790/I  
false                false                ropt_h_inst_2790/Z  
false                false                ropt_h_inst_2792/I  
false                false                ropt_h_inst_2792/Z  
false                false                ctmTdsLR_1_2059/A1  
false                false                ctmTdsLR_1_2059/A2  
false                false                ctmTdsLR_1_2059/ZN  
false                false                U53/A1              
false                false                U53/A2              
false                false                U53/ZN              
false                false                U73/A1              
false                false                U73/A2              
false                false                U73/Z               
false                false                ctmTdsLR_1_426/A1   
false                false                ctmTdsLR_1_426/A2   
false                false                ctmTdsLR_1_426/A3   
false                false                ctmTdsLR_1_426/ZN   
false                false                ctmTdsLR_2_511/I    
false                false                ctmTdsLR_2_511/ZN   
false                false                U1610/I             
false                false                U1610/ZN            
false                false                gre_INV_152_inst_2768/I
false                false                gre_INV_152_inst_2768/ZN
false                false                ctmTdsLR_1_1037/I   
false                false                ctmTdsLR_1_1037/ZN  
false                false                ctmTdsLR_1_2499/I   
false                false                ctmTdsLR_1_2499/ZN  
false                false                copt_h_inst_2642/I  
false                false                copt_h_inst_2642/Z  
false                true                 ctosc_gls_inst_2311/I
false                true                 ctosc_gls_inst_2311/Z
false                false                copt_h_inst_2634/I  
false                false                copt_h_inst_2634/Z  
false                true                 ctosc_gls_inst_2312/I
false                true                 ctosc_gls_inst_2312/Z
false                false                copt_h_inst_2645/I  
false                false                copt_h_inst_2645/Z  
false                false                copt_h_inst_2647/I  
false                false                copt_h_inst_2647/Z  
false                false                ctmTdsLR_1_2095/I   
false                false                ctmTdsLR_1_2095/ZN  
false                false                ctmTdsLR_3_2598/I   
false                false                ctmTdsLR_3_2598/ZN  
false                false                ctmTdsLR_2_1135/A1  
false                false                ctmTdsLR_2_1135/A2  
false                false                ctmTdsLR_2_1135/ZN  
false                false                copt_h_inst_2649/I  
false                false                copt_h_inst_2649/Z  
false                false                rx_sio_ce_r2_reg/D  
false                true                 rx_sio_ce_r2_reg/CP 
false                false                rx_sio_ce_r2_reg/Q  
false                false                U321/I              
false                false                U321/ZN             
false                false                U130/I              
false                false                U130/ZN             
false                false                ctmTdsLR_1_2460/A1  
false                false                ctmTdsLR_1_2460/A2  
false                false                ctmTdsLR_1_2460/ZN  
false                false                ropt_h_inst_2795/I  
false                false                ropt_h_inst_2795/Z  
false                false                copt_h_inst_2653/I  
false                false                copt_h_inst_2653/Z  
false                false                U52/A1              
false                false                U52/A2              
false                false                U52/ZN              
false                false                U244/I0             
false                false                U244/I1             
false                false                U244/S              
false                false                U244/Z              
false                false                ctmTdsLR_2_2539/A1  
false                false                ctmTdsLR_2_2539/A2  
false                false                ctmTdsLR_2_2539/ZN  
false                false                U21/A1              
false                false                U21/A2              
false                false                U21/A3              
false                false                U21/ZN              
false                false                ctmTdsLR_1_569/A1   
false                false                ctmTdsLR_1_569/A2   
false                false                ctmTdsLR_1_569/Z    
false                false                ctmTdsLR_2_2594/I   
false                false                ctmTdsLR_2_2594/ZN  
false                false                U189/A1             
false                false                U189/A2             
false                false                U189/ZN             
false                false                U2410/A1            
false                false                U2410/A2            
false                false                U2410/Z             
false                false                U201/I0             
false                false                U201/I1             
false                false                U201/S              
false                false                U201/Z              
false                false                U136/A1             
false                false                U136/A2             
false                false                U136/ZN             
false                false                U671/I              
false                false                U671/ZN             
false                false                U1710/A1            
false                false                U1710/A2            
false                false                U1710/Z             
false                false                copt_h_inst_2641/I  
false                false                copt_h_inst_2641/Z  
false                false                rxd_s_reg/D         
false                true                 rxd_s_reg/CP        
false                false                rxd_s_reg/Q         
false                false                U178/A1             
false                false                U178/A2             
false                false                U178/B              
false                false                U178/ZN             
false                false                ZINV_60_inst_2336/I 
false                false                ZINV_60_inst_2336/ZN
false                false                U182/I              
false                false                U182/ZN             
false                false                ctmTdsLR_3_429/I    
false                false                ctmTdsLR_3_429/ZN   
false                false                ctmTdsLR_3_2102/A1  
false                false                ctmTdsLR_3_2102/A2  
false                false                ctmTdsLR_3_2102/ZN  
false                false                ctmTdsLR_2_2607/A1  
false                false                ctmTdsLR_2_2607/A2  
false                false                ctmTdsLR_2_2607/ZN  
false                false                U139/A1             
false                false                U139/A2             
false                false                U139/ZN             
false                false                U202/I0             
false                false                U202/I1             
false                false                U202/S              
false                false                U202/Z              
false                false                U203/I0             
false                false                U203/I1             
false                false                U203/S              
false                false                U203/Z              
false                false                U204/I0             
false                false                U204/I1             
false                false                U204/S              
false                false                U204/Z              
false                false                U205/I0             
false                false                U205/I1             
false                false                U205/S              
false                false                U205/Z              
false                false                U206/I0             
false                false                U206/I1             
false                false                U206/S              
false                false                U206/Z              
false                false                ctmTdsLR_2_1579/I   
false                false                ctmTdsLR_2_1579/ZN  
false                false                ctmTdsLR_1_2557/A1  
false                false                ctmTdsLR_1_2557/A2  
false                false                ctmTdsLR_1_2557/ZN  
false                false                ctmTdsLR_3_2605/A1  
false                false                ctmTdsLR_3_2605/A2  
false                false                ctmTdsLR_3_2605/ZN  
false                false                ctmTdsLR_5_2521/A1  
false                false                ctmTdsLR_5_2521/A2  
false                false                ctmTdsLR_5_2521/Z   
false                false                ctmTdsLR_2_1010/I   
false                false                ctmTdsLR_2_1010/ZN  
false                false                ctmTdsLR_2_2597/I   
false                false                ctmTdsLR_2_2597/ZN  
false                false                ctmTdsLR_2_2614/I   
false                false                ctmTdsLR_2_2614/ZN  
false                false                U132/A1             
false                false                U132/A2             
false                false                U132/Z              
false                false                ropt_h_inst_2899/I  
false                false                ropt_h_inst_2899/Z  
false                false                ctmTdsLR_1_1630/A1  
false                false                ctmTdsLR_1_1630/A2  
false                false                ctmTdsLR_1_1630/ZN  
false                false                copt_h_inst_2640/I  
false                false                copt_h_inst_2640/Z  
false                false                U8/A1               
false                false                U8/A2               
false                false                U8/Z                
false                false                ctmTdsLR_3_2595/I   
false                false                ctmTdsLR_3_2595/ZN  
false                false                U141/A1             
false                false                U141/A2             
false                false                U141/A3             
false                false                U141/Z              
false                false                ctmTdsLR_1_484/I    
false                false                ctmTdsLR_1_484/ZN   
false                false                ctmTdsLR_1_570/A1   
false                false                ctmTdsLR_1_570/A2   
false                false                ctmTdsLR_1_570/A3   
false                false                ctmTdsLR_1_570/B1   
false                false                ctmTdsLR_1_570/B2   
false                false                ctmTdsLR_1_570/ZN   
false                false                U351/I              
false                false                U351/ZN             
false                false                ctmTdsLR_2_1611/I   
false                false                ctmTdsLR_2_1611/ZN  
false                false                U3/A1               
false                false                U3/A2               
false                false                U3/Z                
false                false                ctmTdsLR_2_2518/A1  
false                false                ctmTdsLR_2_2518/A2  
false                false                ctmTdsLR_2_2518/Z   
false                false                U179/A1             
false                false                U179/A2             
false                false                U179/ZN             
false                true                 ctsctobgt_st1_inst_2422/I
false                true                 ctsctobgt_st1_inst_2422/Z
false                false                ctmTdsLR_2_567/A1   
false                false                ctmTdsLR_2_567/A2   
false                false                ctmTdsLR_2_567/B    
false                false                ctmTdsLR_2_567/ZN   
false                false                ctmTdsLR_3_1065/A1  
false                false                ctmTdsLR_3_1065/A2  
false                false                ctmTdsLR_3_1065/ZN  
false                false                U198/A1             
false                false                U198/A2             
false                false                U198/A3             
false                false                U198/A4             
false                false                U198/Z              
false                false                ctmTdsLR_6_490/A1   
false                false                ctmTdsLR_6_490/A2   
false                false                ctmTdsLR_6_490/ZN   
false                false                U25/I               
false                false                U25/ZN              
false                false                rxr_reg_2_/D        
false                false                rxr_reg_2_/E        
false                true                 rxr_reg_2_/CP       
false                false                rxr_reg_2_/Q        
false                false                ctmTdsLR_1_2599/A1  
false                false                ctmTdsLR_1_2599/A2  
false                false                ctmTdsLR_1_2599/A3  
false                false                ctmTdsLR_1_2599/ZN  
false                false                ctmTdsLR_1_2038/A1  
false                false                ctmTdsLR_1_2038/A2  
false                false                ctmTdsLR_1_2038/A3  
false                false                ctmTdsLR_1_2038/B1  
false                false                ctmTdsLR_1_2038/B2  
false                false                ctmTdsLR_1_2038/ZN  
false                false                ctmTdsLR_2_1064/A1  
false                false                ctmTdsLR_2_1064/A2  
false                false                ctmTdsLR_2_1064/ZN  
false                false                ctmTdsLR_1_568/A1   
false                false                ctmTdsLR_1_568/A2   
false                false                ctmTdsLR_1_568/Z    
false                false                U70/A1              
false                false                U70/A2              
false                false                U70/B               
false                false                U70/ZN              
false                false                U72/A1              
false                false                U72/A2              
false                false                U72/Z               
false                true                 ctosc_gls_inst_2309/I
false                true                 ctosc_gls_inst_2309/Z
false                false                ZBUF_2_inst_776/I   
false                false                ZBUF_2_inst_776/Z   
false                false                gre_INV_55_inst_2668/I
false                false                gre_INV_55_inst_2668/ZN
false                false                ctmTdsLR_2_2101/A1  
false                false                ctmTdsLR_2_2101/A2  
false                false                ctmTdsLR_2_2101/ZN  
false                false                ctmTdsLR_1_2501/I   
false                false                ctmTdsLR_1_2501/ZN  
false                false                ctmTdsLR_1_510/A1   
false                false                ctmTdsLR_1_510/A2   
false                false                ctmTdsLR_1_510/A3   
false                false                ctmTdsLR_1_510/A4   
false                false                ctmTdsLR_1_510/ZN   
false                false                ctmTdsLR_1_1608/A1  
false                false                ctmTdsLR_1_1608/A2  
false                false                ctmTdsLR_1_1608/Z   
false                false                ctmTdsLR_1_435/A1   
false                false                ctmTdsLR_1_435/A2   
false                false                ctmTdsLR_1_435/ZN   
false                false                ctmTdsLR_4_488/A1   
false                false                ctmTdsLR_4_488/A2   
false                false                ctmTdsLR_4_488/ZN   
false                false                ctmTdsLR_3_2628/I   
false                false                ctmTdsLR_3_2628/ZN  
false                false                U18/A1              
false                false                U18/A2              
false                false                U18/A3              
false                false                U18/Z               
false                false                U19/A1              
false                false                U19/A2              
false                false                U19/A3              
false                false                U19/Z               
false                false                ctmTdsLR_1_2450/A1  
false                false                ctmTdsLR_1_2450/A2  
false                false                ctmTdsLR_1_2450/A3  
false                false                ctmTdsLR_1_2450/ZN  
false                true                 ctosc_gls_inst_2310/I
false                true                 ctosc_gls_inst_2310/Z
false                false                ctmTdsLR_2_2500/A1  
false                false                ctmTdsLR_2_2500/A2  
false                false                ctmTdsLR_2_2500/ZN  
false                false                ctmTdsLR_3_2519/I   
false                false                ctmTdsLR_3_2519/ZN  
false                false                mem_reg_0__2_/D     
false                false                mem_reg_0__2_/E     
false                true                 mem_reg_0__2_/CP    
false                false                mem_reg_0__2_/Q     
false                false                ctmTdsLR_2_525/A1   
false                false                ctmTdsLR_2_525/A2   
false                false                ctmTdsLR_2_525/B1   
false                false                ctmTdsLR_2_525/B2   
false                false                ctmTdsLR_2_525/ZN   
false                false                ctmTdsLR_5_489/A1   
false                false                ctmTdsLR_5_489/A2   
false                false                ctmTdsLR_5_489/ZN   
false                false                ctmTdsLR_1_1619/A1  
false                false                ctmTdsLR_1_1619/A2  
false                false                ctmTdsLR_1_1619/B1  
false                false                ctmTdsLR_1_1619/B2  
false                false                ctmTdsLR_1_1619/ZN  
false                false                ctmTdsLR_2_415/A1   
false                false                ctmTdsLR_2_415/A2   
false                false                ctmTdsLR_2_415/ZN   
false                false                ctmTdsLR_1_2458/A1  
false                false                ctmTdsLR_1_2458/A2  
false                false                ctmTdsLR_1_2458/ZN  
false                false                mem_reg_2__0_/D     
false                false                mem_reg_2__0_/E     
false                true                 mem_reg_2__0_/CP    
false                false                mem_reg_2__0_/Q     
false                false                ctmTdsLR_1_2612/A1  
false                false                ctmTdsLR_1_2612/A2  
false                false                ctmTdsLR_1_2612/ZN  
false                false                ctmTdsLR_1_1009/A1  
false                false                ctmTdsLR_1_1009/A2  
false                false                ctmTdsLR_1_1009/Z   
false                false                rxr_reg_6_/D        
false                true                 rxr_reg_6_/CP       
false                false                rxr_reg_6_/Q        
false                false                U174/A1             
false                false                U174/A2             
false                false                U174/A3             
false                false                U174/B1             
false                false                U174/B2             
false                false                U174/ZN             
false                false                mem_reg_0__0_/D     
false                false                mem_reg_0__0_/E     
false                true                 mem_reg_0__0_/CP    
false                false                mem_reg_0__0_/Q     
false                false                U177/A1             
false                false                U177/A2             
false                false                U177/B1             
false                false                U177/B2             
false                false                U177/ZN             
false                false                ctmTdsLR_1_1623/A1  
false                false                ctmTdsLR_1_1623/A2  
false                false                ctmTdsLR_1_1623/B1  
false                false                ctmTdsLR_1_1623/B2  
false                false                ctmTdsLR_1_1623/ZN  
false                false                mem_reg_2__1_/D     
false                false                mem_reg_2__1_/E     
false                true                 mem_reg_2__1_/CP    
false                false                mem_reg_2__1_/Q     
false                false                mem_reg_0__1_/D     
false                false                mem_reg_0__1_/E     
false                true                 mem_reg_0__1_/CP    
false                false                mem_reg_0__1_/Q     
false                false                U245/A1             
false                false                U245/A2             
false                false                U245/ZN             
false                false                ctmTdsLR_5_993/A1   
false                false                ctmTdsLR_5_993/A2   
false                false                ctmTdsLR_5_993/A3   
false                false                ctmTdsLR_5_993/ZN   
false                false                ropt_h_inst_2898/I  
false                false                ropt_h_inst_2898/Z  
false                false                ctmTdsLR_3_487/I    
false                false                ctmTdsLR_3_487/ZN   
false                false                U47/A1              
false                false                U47/A2              
false                false                U47/B1              
false                false                U47/B2              
false                false                U47/ZN              
false                false                change_reg/D        
false                true                 change_reg/CP       
false                false                change_reg/Q        
false                false                ctmTdsLR_3_440/I    
false                false                ctmTdsLR_3_440/ZN   
false                false                ctmTdsLR_1_2596/A1  
false                false                ctmTdsLR_1_2596/A2  
false                false                ctmTdsLR_1_2596/A3  
false                false                ctmTdsLR_1_2596/ZN  
false                false                copt_h_inst_2643/I  
false                false                copt_h_inst_2643/Z  
false                false                ctmTdsLR_1_2593/A1  
false                false                ctmTdsLR_1_2593/A2  
false                false                ctmTdsLR_1_2593/A3  
false                false                ctmTdsLR_1_2593/ZN  
false                false                rx_valid_reg/D      
false                true                 rx_valid_reg/CP     
false                false                rx_valid_reg/Q      
false                false                ctmTdsLR_1_2100/A1  
false                false                ctmTdsLR_1_2100/A2  
false                false                ctmTdsLR_1_2100/ZN  
false                false                ctmTdsLR_1_401/A1   
false                false                ctmTdsLR_1_401/A2   
false                false                ctmTdsLR_1_401/Z    
false                false                ropt_d_inst_2895/I  
false                false                ropt_d_inst_2895/Z  
false                false                ctmTdsLR_1_982/A1   
false                false                ctmTdsLR_1_982/A2   
false                false                ctmTdsLR_1_982/ZN   
false                false                ctmTdsLR_2_2627/A1  
false                false                ctmTdsLR_2_2627/A2  
false                false                ctmTdsLR_2_2627/Z   
false                false                mem_reg_2__7_/D     
false                false                mem_reg_2__7_/E     
false                true                 mem_reg_2__7_/CP    
false                false                mem_reg_2__7_/Q     
false                false                mem_reg_2__6_/D     
false                false                mem_reg_2__6_/E     
false                true                 mem_reg_2__6_/CP    
false                false                mem_reg_2__6_/Q     
false                false                mem_reg_2__5_/D     
false                false                mem_reg_2__5_/E     
false                true                 mem_reg_2__5_/CP    
false                false                mem_reg_2__5_/Q     
false                false                mem_reg_2__4_/D     
false                false                mem_reg_2__4_/E     
false                true                 mem_reg_2__4_/CP    
false                false                mem_reg_2__4_/Q     
false                false                ctmTdsLR_1_2538/A1  
false                false                ctmTdsLR_1_2538/A2  
false                false                ctmTdsLR_1_2538/A3  
false                false                ctmTdsLR_1_2538/B   
false                false                ctmTdsLR_1_2538/ZN  
false                false                load_reg/D          
false                true                 load_reg/CP         
false                false                load_reg/Q          
false                true                 ctsctobgt_st1_inst_2421/I
false                true                 ctsctobgt_st1_inst_2421/Z
false                false                rxr_reg_8_/D        
false                true                 rxr_reg_8_/CP       
false                false                rxr_reg_8_/Q        
false                false                mem_reg_2__3_/D     
false                false                mem_reg_2__3_/E     
false                true                 mem_reg_2__3_/CP    
false                false                mem_reg_2__3_/Q     
false                false                ctmTdsLR_3_399/A1   
false                false                ctmTdsLR_3_399/A2   
false                false                ctmTdsLR_3_399/ZN   
false                false                ctmTdsLR_1_987/I    
false                false                ctmTdsLR_1_987/ZN   
false                false                mem_reg_0__4_/D     
false                false                mem_reg_0__4_/E     
false                true                 mem_reg_0__4_/CP    
false                false                mem_reg_0__4_/Q     
false                false                mem_reg_0__3_/D     
false                false                mem_reg_0__3_/E     
false                true                 mem_reg_0__3_/CP    
false                false                mem_reg_0__3_/Q     
false                false                ctmTdsLR_1_1615/A1  
false                false                ctmTdsLR_1_1615/A2  
false                false                ctmTdsLR_1_1615/B1  
false                false                ctmTdsLR_1_1615/B2  
false                false                ctmTdsLR_1_1615/ZN  
false                false                ctmTdsLR_1_1617/A1  
false                false                ctmTdsLR_1_1617/A2  
false                false                ctmTdsLR_1_1617/B1  
false                false                ctmTdsLR_1_1617/B2  
false                false                ctmTdsLR_1_1617/ZN  
false                false                rx_sio_ce_reg/D     
false                true                 rx_sio_ce_reg/CP    
false                false                rx_sio_ce_reg/Q     
false                false                ctmTdsLR_1_2589/A1  
false                false                ctmTdsLR_1_2589/A2  
false                false                ctmTdsLR_1_2589/Z   
false                false                rxr_reg_3_/D        
false                true                 rxr_reg_3_/CP       
false                false                rxr_reg_3_/Q        
false                false                ctmTdsLR_6_2522/A1  
false                false                ctmTdsLR_6_2522/A2  
false                false                ctmTdsLR_6_2522/ZN  
false                false                ctmTdsLR_1_1063/A1  
false                false                ctmTdsLR_1_1063/A2  
false                false                ctmTdsLR_1_1063/ZN  
false                false                rxr_reg_4_/D        
false                true                 rxr_reg_4_/CP       
false                false                rxr_reg_4_/Q        
false                false                ctmTdsLR_3_1612/A1  
false                false                ctmTdsLR_3_1612/A2  
false                false                ctmTdsLR_3_1612/A3  
false                false                ctmTdsLR_3_1612/ZN  
false                false                U33/A1              
false                false                U33/A2              
false                false                U33/B1              
false                false                U33/B2              
false                false                U33/ZN              
false                false                rxr_reg_5_/D        
false                true                 rxr_reg_5_/CP       
false                false                rxr_reg_5_/Q        
false                false                ctmTdsLR_1_2603/A1  
false                false                ctmTdsLR_1_2603/A2  
false                false                ctmTdsLR_1_2603/B   
false                false                ctmTdsLR_1_2603/ZN  
false                false                ctmTdsLR_1_2048/A1  
false                false                ctmTdsLR_1_2048/A2  
false                false                ctmTdsLR_1_2048/ZN  
false                false                U391/I              
false                false                U391/ZN             
false                false                U56/A1              
false                false                U56/A2              
false                false                U56/Z               
false                false                ctmTdsLR_3_2608/A1  
false                false                ctmTdsLR_3_2608/A2  
false                false                ctmTdsLR_3_2608/ZN  
false                true                 ctosc_gls_inst_2307/I
false                true                 ctosc_gls_inst_2307/Z
false                true                 ctosc_gls_inst_2308/I
false                true                 ctosc_gls_inst_2308/Z
false                false                U77/A1              
false                false                U77/A2              
false                false                U77/ZN              
false                false                U78/A1              
false                false                U78/A2              
false                false                U78/A3              
false                false                U78/ZN              
false                false                U91/A1              
false                false                U91/A2              
false                false                U91/Z               
false                false                ctmTdsLR_2_520/A1   
false                false                ctmTdsLR_2_520/A2   
false                false                ctmTdsLR_2_520/B1   
false                false                ctmTdsLR_2_520/B2   
false                false                ctmTdsLR_2_520/ZN   
false                false                ctmTdsLR_1_2517/I   
false                false                ctmTdsLR_1_2517/ZN  
false                false                rx_go_reg/D         
false                true                 rx_go_reg/CP        
false                false                rx_go_reg/Q         
false                false                mem_reg_0__5_/D     
false                false                mem_reg_0__5_/E     
false                true                 mem_reg_0__5_/CP    
false                false                mem_reg_0__5_/Q     
false                false                ctmTdsLR_1_1011/A1  
false                false                ctmTdsLR_1_1011/A2  
false                false                ctmTdsLR_1_1011/B1  
false                false                ctmTdsLR_1_1011/B2  
false                false                ctmTdsLR_1_1011/ZN  
false                false                mem_reg_0__6_/D     
false                false                mem_reg_0__6_/E     
false                true                 mem_reg_0__6_/CP    
false                false                mem_reg_0__6_/Q     
false                false                ctmTdsLR_2_1589/A1  
false                false                ctmTdsLR_2_1589/A2  
false                false                ctmTdsLR_2_1589/B1  
false                false                ctmTdsLR_2_1589/B2  
false                false                ctmTdsLR_2_1589/ZN  
false                false                ctmTdsLR_2_1593/A1  
false                false                ctmTdsLR_2_1593/A2  
false                false                ctmTdsLR_2_1593/ZN  
false                false                ctmTdsLR_2_1597/A1  
false                false                ctmTdsLR_2_1597/A2  
false                false                ctmTdsLR_2_1597/B1  
false                false                ctmTdsLR_2_1597/B2  
false                false                ctmTdsLR_2_1597/ZN  
false                false                mem_reg_0__7_/D     
false                false                mem_reg_0__7_/E     
false                true                 mem_reg_0__7_/CP    
false                false                mem_reg_0__7_/Q     
false                false                ctmTdsLR_2_2588/A1  
false                false                ctmTdsLR_2_2588/A2  
false                false                ctmTdsLR_2_2588/B1  
false                false                ctmTdsLR_2_2588/B2  
false                false                ctmTdsLR_2_2588/ZN  
false                false                U811/A1             
false                false                U811/A2             
false                false                U811/Z              
false                false                rx_sio_ce_r1_reg/D  
false                true                 rx_sio_ce_r1_reg/CP 
false                false                rx_sio_ce_r1_reg/Q  
false                false                mem_reg_2__2_/D     
false                false                mem_reg_2__2_/E     
false                true                 mem_reg_2__2_/CP    
false                false                mem_reg_2__2_/Q     
false                false                U128/I              
false                false                U128/ZN             
false                false                ctmTdsLR_1_400/A1   
false                false                ctmTdsLR_1_400/A2   
false                false                ctmTdsLR_1_400/Z    
false                false                U101/A1             
false                false                U101/A2             
false                false                U101/Z              
false                false                ctmTdsLR_2_499/A1   
false                false                ctmTdsLR_2_499/A2   
false                false                ctmTdsLR_2_499/B1   
false                false                ctmTdsLR_2_499/B2   
false                false                ctmTdsLR_2_499/ZN   
false                false                rxr_reg_7_/D        
false                true                 rxr_reg_7_/CP       
false                false                rxr_reg_7_/Q        
false                false                U54/I0              
false                false                U54/I1              
false                false                U54/S               
false                false                U54/Z               
false                false                ctmTdsLR_1_2587/A1  
false                false                ctmTdsLR_1_2587/A2  
false                false                ctmTdsLR_1_2587/ZN  
false                false                ropt_h_inst_2793/I  
false                false                ropt_h_inst_2793/Z  
false                false                U173/A1             
false                false                U173/A2             
false                false                U173/B              
false                false                U173/ZN             
false                false                ctmTdsLR_1_2626/A1  
false                false                ctmTdsLR_1_2626/A2  
false                false                ctmTdsLR_1_2626/B   
false                false                ctmTdsLR_1_2626/ZN  
false                false                ctmTdsLR_3_2440/A1  
false                false                ctmTdsLR_3_2440/A2  
false                false                ctmTdsLR_3_2440/ZN  
false                false                ctmTdsLR_1_2546/A1  
false                false                ctmTdsLR_1_2546/A2  
false                false                ctmTdsLR_1_2546/ZN  
false                false                mem_reg_1__5_/D     
false                false                mem_reg_1__5_/E     
false                true                 mem_reg_1__5_/CP    
false                false                mem_reg_1__5_/Q     
false                false                ctmTdsLR_1_2461/A1  
false                false                ctmTdsLR_1_2461/A2  
false                false                ctmTdsLR_1_2461/B   
false                false                ctmTdsLR_1_2461/ZN  
false                false                ctmTdsLR_1_2468/A1  
false                false                ctmTdsLR_1_2468/A2  
false                false                ctmTdsLR_1_2468/B1  
false                false                ctmTdsLR_1_2468/B2  
false                false                ctmTdsLR_1_2468/ZN  
false                false                U291/A1             
false                false                U291/A2             
false                false                U291/A3             
false                false                U291/ZN             
false                false                mem_reg_3__3_/D     
false                false                mem_reg_3__3_/E     
false                true                 mem_reg_3__3_/CP    
false                false                mem_reg_3__3_/Q     
false                false                U164/I              
false                false                U164/ZN             
false                false                ctmTdsLR_2_2591_roptpi_2629/A1
false                false                ctmTdsLR_2_2591_roptpi_2629/A2
false                false                ctmTdsLR_2_2591_roptpi_2629/ZN
false                false                mem_reg_1__7_/D     
false                false                mem_reg_1__7_/E     
false                true                 mem_reg_1__7_/CP    
false                false                mem_reg_1__7_/Q     
false                false                ctmTdsLR_3_991/A1   
false                false                ctmTdsLR_3_991/A2   
false                false                ctmTdsLR_3_991/ZN   
false                false                mem_reg_3__5_/D     
false                false                mem_reg_3__5_/E     
false                true                 mem_reg_3__5_/CP    
false                false                mem_reg_3__5_/Q     
false                false                mem_reg_3__6_/D     
false                false                mem_reg_3__6_/E     
false                true                 mem_reg_3__6_/CP    
false                false                mem_reg_3__6_/Q     
false                false                ctmTdsLR_3_1051/I   
false                false                ctmTdsLR_3_1051/ZN  
false                false                mem_reg_3__1_/D     
false                false                mem_reg_3__1_/E     
false                true                 mem_reg_3__1_/CP    
false                false                mem_reg_3__1_/Q     
false                false                mem_reg_1__2_/D     
false                false                mem_reg_1__2_/E     
false                true                 mem_reg_1__2_/CP    
false                false                mem_reg_1__2_/Q     
false                false                U74/A1              
false                false                U74/A2              
false                false                U74/A3              
false                false                U74/ZN              
false                false                mem_reg_1__1_/D     
false                false                mem_reg_1__1_/E     
false                true                 mem_reg_1__1_/CP    
false                false                mem_reg_1__1_/Q     
false                false                rxr_reg_9_/D        
false                true                 rxr_reg_9_/CP       
false                false                rxr_reg_9_/Q        
false                false                U31/A1              
false                false                U31/A2              
false                false                U31/ZN              
false                false                U176/I              
false                false                U176/ZN             
false                false                ctmTdsLR_1_2457/A1  
false                false                ctmTdsLR_1_2457/A2  
false                false                ctmTdsLR_1_2457/ZN  
false                false                mem_reg_1__4_/D     
false                false                mem_reg_1__4_/E     
false                true                 mem_reg_1__4_/CP    
false                false                mem_reg_1__4_/Q     
false                false                mem_reg_1__0_/D     
false                false                mem_reg_1__0_/E     
false                true                 mem_reg_1__0_/CP    
false                false                mem_reg_1__0_/Q     
false                false                ctmTdsLR_1_2606/A1  
false                false                ctmTdsLR_1_2606/A2  
false                false                ctmTdsLR_1_2606/A3  
false                false                ctmTdsLR_1_2606/ZN  
false                false                U510/A1             
false                false                U510/A2             
false                false                U510/Z              
false                false                ctmTdsLR_4_2520/A1  
false                false                ctmTdsLR_4_2520/A2  
false                false                ctmTdsLR_4_2520/ZN  
false                false                ctmTdsLR_3_2615/A1  
false                false                ctmTdsLR_3_2615/A2  
false                false                ctmTdsLR_3_2615/ZN  
false                false                mem_reg_3__0_/D     
false                false                mem_reg_3__0_/E     
false                true                 mem_reg_3__0_/CP    
false                false                mem_reg_3__0_/Q     
false                false                mem_reg_3__4_/D     
false                false                mem_reg_3__4_/E     
false                true                 mem_reg_3__4_/CP    
false                false                mem_reg_3__4_/Q     
false                false                shift_en_r_reg/D    
false                true                 shift_en_r_reg/CP   
false                false                shift_en_r_reg/Q    
false                false                mem_reg_3__2_/D     
false                false                mem_reg_3__2_/E     
false                true                 mem_reg_3__2_/CP    
false                false                mem_reg_3__2_/Q     
false                false                shift_en_reg/D      
false                true                 shift_en_reg/CP     
false                false                shift_en_reg/Q      
false                false                ctmTdsLR_2_1616/A1  
false                false                ctmTdsLR_2_1616/A2  
false                false                ctmTdsLR_2_1616/ZN  
false                false                ctmTdsLR_2_1618/A1  
false                false                ctmTdsLR_2_1618/A2  
false                false                ctmTdsLR_2_1618/ZN  
false                false                ctmTdsLR_2_1624/A1  
false                false                ctmTdsLR_2_1624/A2  
false                false                ctmTdsLR_2_1624/ZN  
false                false                U46/A1              
false                false                U46/A2              
false                false                U46/ZN              
false                false                ctmTdsLR_1_2056/I   
false                false                ctmTdsLR_1_2056/ZN  
false                false                ctmTdsLR_1_2525/A1  
false                false                ctmTdsLR_1_2525/A2  
false                false                ctmTdsLR_1_2525/B   
false                false                ctmTdsLR_1_2525/ZN  
false                false                U60/A1              
false                false                U60/A2              
false                false                U60/B               
false                false                U60/ZN              
false                false                U66/A1              
false                false                U66/A2              
false                false                U66/A3              
false                false                U66/ZN              
false                false                U67/A1              
false                false                U67/A2              
false                false                U67/Z               
false                false                U69/I0              
false                false                U69/I1              
false                false                U69/S               
false                false                U69/Z               
false                true                 ctosc_gls_inst_2313/I
false                true                 ctosc_gls_inst_2313/Z
false                false                ctmTdsLR_1_414/A1   
false                false                ctmTdsLR_1_414/A2   
false                false                ctmTdsLR_1_414/A3   
false                false                ctmTdsLR_1_414/B    
false                false                ctmTdsLR_1_414/ZN   
false                false                ctmTdsLR_1_423/A1   
false                false                ctmTdsLR_1_423/A2   
false                false                ctmTdsLR_1_423/A3   
false                false                ctmTdsLR_1_423/B    
false                false                ctmTdsLR_1_423/ZN   
false                false                mem_reg_1__6_/D     
false                false                mem_reg_1__6_/E     
false                true                 mem_reg_1__6_/CP    
false                false                mem_reg_1__6_/Q     
false                false                U2010/I             
false                false                U2010/ZN            
false                false                ctmTdsLR_1_1592/A1  
false                false                ctmTdsLR_1_1592/A2  
false                false                ctmTdsLR_1_1592/ZN  
false                false                mem_reg_3__7_/D     
false                false                mem_reg_3__7_/E     
false                true                 mem_reg_3__7_/CP    
false                false                mem_reg_3__7_/Q     
false                false                mem_reg_1__3_/D     
false                false                mem_reg_1__3_/E     
false                true                 mem_reg_1__3_/CP    
false                false                mem_reg_1__3_/Q     
false                false                wp_reg_0_/D         
false                true                 wp_reg_0_/CP        
true                 false                wp_reg_0_/CDN       
false                false                wp_reg_0_/Q         
false                false                ctmTdsLR_1_1613/A1  
false                false                ctmTdsLR_1_1613/A2  
false                false                ctmTdsLR_1_1613/B1  
false                false                ctmTdsLR_1_1613/B2  
false                false                ctmTdsLR_1_1613/ZN  
false                false                ctmTdsLR_4_2516/A1  
false                false                ctmTdsLR_4_2516/A2  
false                false                ctmTdsLR_4_2516/A3  
false                false                ctmTdsLR_4_2516/ZN  
false                false                U591/A1             
false                false                U591/A2             
false                false                U591/B1             
false                false                U591/B2             
false                false                U591/ZN             
false                false                U223/A1             
false                false                U223/A2             
false                false                U223/B1             
false                false                U223/B2             
false                false                U223/ZN             
false                false                ctmTdsLR_1_1595/A1  
false                false                ctmTdsLR_1_1595/A2  
false                false                ctmTdsLR_1_1595/Z   
false                false                U238/A1             
false                false                U238/A2             
false                false                U238/B1             
false                false                U238/B2             
false                false                U238/ZN             
false                false                U541/A1             
false                false                U541/A2             
false                false                U541/B1             
false                false                U541/B2             
false                false                U541/ZN             
false                false                ropt_h_inst_2897/I  
false                false                ropt_h_inst_2897/Z  
false                false                ctmTdsLR_3_2622/A1  
false                false                ctmTdsLR_3_2622/A2  
false                false                ctmTdsLR_3_2622/ZN  
false                false                ctmTdsLR_1_2616/I   
false                false                ctmTdsLR_1_2616/Z   
false                false                U481/A1             
false                false                U481/A2             
false                false                U481/B1             
false                false                U481/B2             
false                false                U481/ZN             
false                false                dpll_state_reg_0_/D 
false                true                 dpll_state_reg_0_/CP
true                 false                dpll_state_reg_0_/SDN
false                false                dpll_state_reg_0_/Q 
false                false                U531/A1             
false                false                U531/A2             
false                false                U531/B1             
false                false                U531/B2             
false                false                U531/ZN             
false                false                U631/A1             
false                false                U631/A2             
false                false                U631/B1             
false                false                U631/B2             
false                false                U631/ZN             
false                false                hold_reg_reg_0_/D   
false                true                 hold_reg_reg_0_/CP  
false                false                hold_reg_reg_0_/QN  
false                false                U411/A1             
false                false                U411/A2             
false                false                U411/B1             
false                false                U411/B2             
false                false                U411/ZN             
false                false                U421/A1             
false                false                U421/A2             
false                false                U421/B1             
false                false                U421/B2             
false                false                U421/ZN             
false                false                U441/A1             
false                false                U441/A2             
false                false                U441/B1             
false                false                U441/B2             
false                false                U441/ZN             
false                false                U451/A1             
false                false                U451/A2             
false                false                U451/B1             
false                false                U451/B2             
false                false                U451/ZN             
false                false                rx_bit_cnt_reg_2_/D 
false                true                 rx_bit_cnt_reg_2_/CP
false                false                rx_bit_cnt_reg_2_/Q 
false                false                ctmTdsLR_3_2619/A1  
false                false                ctmTdsLR_3_2619/A2  
false                false                ctmTdsLR_3_2619/ZN  
false                false                U471/A1             
false                false                U471/A2             
false                false                U471/B1             
false                false                U471/B2             
false                false                U471/ZN             
false                false                U501/A1             
false                false                U501/A2             
false                false                U501/B1             
false                false                U501/B2             
false                false                U501/ZN             
false                false                ctmTdsLR_1_534/A1   
false                false                ctmTdsLR_1_534/A2   
false                false                ctmTdsLR_1_534/ZN   
false                false                U220/A1             
false                false                U220/A2             
false                false                U220/B              
false                false                U220/ZN             
false                false                ctmTdsLR_3_2515/A1  
false                false                ctmTdsLR_3_2515/A2  
false                false                ctmTdsLR_3_2515/Z   
false                false                ctmTdsLR_3_2625/A1  
false                false                ctmTdsLR_3_2625/A2  
false                false                ctmTdsLR_3_2625/ZN  
false                false                dpll_state_reg_1_/D 
false                true                 dpll_state_reg_1_/CP
true                 false                dpll_state_reg_1_/CDN
false                false                dpll_state_reg_1_/Q 
false                false                ctmTdsLR_2_2624/A1  
false                false                ctmTdsLR_2_2624/A2  
false                false                ctmTdsLR_2_2624/ZN  
false                false                U229/A1             
false                false                U229/A2             
false                false                U229/B1             
false                false                U229/B2             
false                false                U229/ZN             
false                false                ctmTdsLR_1_2544/A1  
false                false                ctmTdsLR_1_2544/A2  
false                false                ctmTdsLR_1_2544/A3  
false                false                ctmTdsLR_1_2544/B1  
false                false                ctmTdsLR_1_2544/B2  
false                false                ctmTdsLR_1_2544/ZN  
false                false                ctmTdsLR_2_1067/I   
false                false                ctmTdsLR_2_1067/ZN  
false                false                U561/A1             
false                false                U561/A2             
false                false                U561/B1             
false                false                U561/B2             
false                false                U561/ZN             
false                false                ctmTdsLR_2_998/A1   
false                false                ctmTdsLR_2_998/A2   
false                false                ctmTdsLR_2_998/B1   
false                false                ctmTdsLR_2_998/B2   
false                false                ctmTdsLR_2_998/ZN   
false                false                U235/A1             
false                false                U235/A2             
false                false                U235/B1             
false                false                U235/B2             
false                false                U235/ZN             
false                false                ctmTdsLR_1_397/A1   
false                false                ctmTdsLR_1_397/A2   
false                false                ctmTdsLR_1_397/B    
false                false                ctmTdsLR_1_397/ZN   
false                false                ctmTdsLR_2_2618/A1  
false                false                ctmTdsLR_2_2618/A2  
false                false                ctmTdsLR_2_2618/ZN  
false                false                txf_empty_r_reg/D   
false                true                 txf_empty_r_reg/CP  
false                false                txf_empty_r_reg/Q   
false                false                ctmTdsLR_1_2613/A1  
false                false                ctmTdsLR_1_2613/A2  
false                false                ctmTdsLR_1_2613/B   
false                false                ctmTdsLR_1_2613/ZN  
false                false                U57/A1              
false                false                U57/A2              
false                false                U57/ZN              
false                false                ctmTdsLR_4_1052/A1  
false                false                ctmTdsLR_4_1052/A2  
false                false                ctmTdsLR_4_1052/A3  
false                false                ctmTdsLR_4_1052/B1  
false                false                ctmTdsLR_4_1052/B2  
false                false                ctmTdsLR_4_1052/ZN  
false                false                ctmTdsLR_2_2621/A1  
false                false                ctmTdsLR_2_2621/A2  
false                false                ctmTdsLR_2_2621/ZN  
false                false                wp_reg_1_/D         
false                true                 wp_reg_1_/CP        
true                 false                wp_reg_1_/CDN       
false                false                wp_reg_1_/Q         
false                false                ctmTdsLR_1_434/A1   
false                false                ctmTdsLR_1_434/A2   
false                false                ctmTdsLR_1_434/ZN   
false                false                ctmTdsLR_1_452/A1   
false                false                ctmTdsLR_1_452/A2   
false                false                ctmTdsLR_1_452/ZN   
false                false                ZBUF_49_inst_2067/I 
false                false                ZBUF_49_inst_2067/Z 
false                false                U621/A1             
false                false                U621/A2             
false                false                U621/B1             
false                false                U621/B2             
false                false                U621/ZN             
false                false                U226/A1             
false                false                U226/A2             
false                false                U226/B1             
false                false                U226/B2             
false                false                U226/ZN             
false                false                ctmTdsLR_1_2040/I0  
false                false                ctmTdsLR_1_2040/I1  
false                false                ctmTdsLR_1_2040/S   
false                false                ctmTdsLR_1_2040/Z   
false                false                U59/A1              
false                false                U59/A2              
false                false                U59/A3              
false                false                U59/ZN              
false                false                rp_reg_0_1/D        
false                true                 rp_reg_0_1/CP       
true                 false                rp_reg_0_1/CDN      
false                false                rp_reg_0_1/Q        
false                false                txd_o_reg/D         
false                true                 txd_o_reg/CP        
false                false                txd_o_reg/QN        
false                false                ropt_h_inst_2794/I  
false                false                ropt_h_inst_2794/Z  
false                false                ctmTdsLR_2_2514/A1  
false                false                ctmTdsLR_2_2514/A2  
false                false                ctmTdsLR_2_2514/A3  
false                false                ctmTdsLR_2_2514/ZN  
false                false                ctmTdsLR_1_2545/A1  
false                false                ctmTdsLR_1_2545/A2  
false                false                ctmTdsLR_1_2545/Z   
false                false                ctmTdsLR_2_1103/I   
false                false                ctmTdsLR_2_1103/ZN  
false                false                rp_reg_1_1/D        
false                true                 rp_reg_1_1/CP       
true                 false                rp_reg_1_1/CDN      
false                false                rp_reg_1_1/Q        
false                false                U192/A1             
false                false                U192/A2             
false                false                U192/ZN             
false                false                ctmTdsLR_1_2505/I   
false                false                ctmTdsLR_1_2505/Z   
false                false                ctmTdsLR_1_1561/A1  
false                false                ctmTdsLR_1_1561/A2  
false                false                ctmTdsLR_1_1561/ZN  
false                false                ctmTdsLR_3_2089/A1  
false                false                ctmTdsLR_3_2089/A2  
false                false                ctmTdsLR_3_2089/ZN  
false                false                U239/A1             
false                false                U239/A2             
false                false                U239/ZN             
false                false                ctmTdsLR_2_1016/A1  
false                false                ctmTdsLR_2_1016/A2  
false                false                ctmTdsLR_2_1016/ZN  
false                false                U491/A1             
false                false                U491/A2             
false                false                U491/ZN             
false                false                U551/A1             
false                false                U551/A2             
false                false                U551/ZN             
false                false                ctmTdsLR_1_2453/I0  
false                false                ctmTdsLR_1_2453/I1  
false                false                ctmTdsLR_1_2453/S   
false                false                ctmTdsLR_1_2453/Z   
false                false                ctmTdsLR_2_2463/A1  
false                false                ctmTdsLR_2_2463/A2  
false                false                ctmTdsLR_2_2463/ZN  
false                false                U431/A1             
false                false                U431/A2             
false                false                U431/ZN             
false                false                rx_bit_cnt_reg_0_/D 
false                true                 rx_bit_cnt_reg_0_/CP
false                false                rx_bit_cnt_reg_0_/Q 
false                false                rx_bit_cnt_reg_3_/D 
false                true                 rx_bit_cnt_reg_3_/CP
false                false                rx_bit_cnt_reg_3_/Q 
false                false                ctmTdsLR_1_1020/I   
false                false                ctmTdsLR_1_1020/ZN  
false                false                U641/A1             
false                false                U641/A2             
false                false                U641/ZN             
false                false                ctmTdsLR_1_2617/A1  
false                false                ctmTdsLR_1_2617/A2  
false                false                ctmTdsLR_1_2617/A3  
false                false                ctmTdsLR_1_2617/ZN  
false                false                rts_o_reg/D         
false                true                 rts_o_reg/CP        
false                false                rts_o_reg/Q         
false                false                U236/A1             
false                false                U236/A2             
false                false                U236/ZN             
false                false                ctmTdsLR_1_2623/A1  
false                false                ctmTdsLR_1_2623/A2  
false                false                ctmTdsLR_1_2623/A3  
false                false                ctmTdsLR_1_2623/ZN  
false                false                U224/A1             
false                false                U224/A2             
false                false                U224/ZN             
false                false                U461/A1             
false                false                U461/A2             
false                false                U461/ZN             
false                false                ctmTdsLR_1_1066/A1  
false                false                ctmTdsLR_1_1066/A2  
false                false                ctmTdsLR_1_1066/ZN  
false                false                ctmTdsLR_2_1614/A1  
false                false                ctmTdsLR_2_1614/A2  
false                false                ctmTdsLR_2_1614/ZN  
false                false                U271/A1             
false                false                U271/A2             
false                false                U271/ZN             
false                false                ctmTdsLR_1_2620/A1  
false                false                ctmTdsLR_1_2620/A2  
false                false                ctmTdsLR_1_2620/A3  
false                false                ctmTdsLR_1_2620/ZN  
false                false                U61/I0              
false                false                U61/I1              
false                false                U61/S               
false                false                U61/Z               
false                false                U65/A1              
false                false                U65/A2              
false                false                U65/B               
false                false                U65/ZN              
false                false                ctmTdsLR_3_2082/A1  
false                false                ctmTdsLR_3_2082/A2  
false                false                ctmTdsLR_3_2082/ZN  
false                false                ctmTdsLR_2_1575/A1  
false                false                ctmTdsLR_2_1575/A2  
false                false                ctmTdsLR_2_1575/ZN  
false                false                ctmTdsLR_1_1560/A1  
false                false                ctmTdsLR_1_1560/A2  
false                false                ctmTdsLR_1_1560/ZN  
false                false                mem_reg_3__6_1/D    
false                false                mem_reg_3__6_1/E    
false                true                 mem_reg_3__6_1/CP   
false                false                mem_reg_3__6_1/Q    
false                false                ctmTdsLR_1_2462/A1  
false                false                ctmTdsLR_1_2462/A2  
false                false                ctmTdsLR_1_2462/ZN  
false                false                mem_reg_3__4_1/D    
false                false                mem_reg_3__4_1/E    
false                true                 mem_reg_3__4_1/CP   
false                false                mem_reg_3__4_1/Q    
false                false                rp_reg_1_/D         
false                true                 rp_reg_1_/CP        
true                 false                rp_reg_1_/CDN       
false                false                rp_reg_1_/Q         
false                false                ctmTdsLR_1_1576/A1  
false                false                ctmTdsLR_1_1576/A2  
false                false                ctmTdsLR_1_1576/Z   
false                false                mem_reg_3__3_1/D    
false                false                mem_reg_3__3_1/E    
false                true                 mem_reg_3__3_1/CP   
false                false                mem_reg_3__3_1/Q    
false                false                ctmTdsLR_2_2443/A1  
false                false                ctmTdsLR_2_2443/A2  
false                false                ctmTdsLR_2_2443/ZN  
false                false                mem_reg_3__7_1/D    
false                false                mem_reg_3__7_1/E    
false                true                 mem_reg_3__7_1/CP   
false                false                mem_reg_3__7_1/Q    
false                false                U225/A1             
false                false                U225/A2             
false                false                U225/ZN             
false                false                U237/A1             
false                false                U237/A2             
false                false                U237/ZN             
false                false                ctmTdsLR_2_2081/A1  
false                false                ctmTdsLR_2_2081/A2  
false                false                ctmTdsLR_2_2081/ZN  
false                false                hold_reg_reg_1_/D   
false                true                 hold_reg_reg_1_/CP  
false                false                hold_reg_reg_1_/QN  
false                false                ropt_d_inst_2771/I  
false                false                ropt_d_inst_2771/Z  
false                false                mem_reg_3__5_1/D    
false                false                mem_reg_3__5_1/E    
false                true                 mem_reg_3__5_1/CP   
false                false                mem_reg_3__5_1/Q    
false                false                ctmTdsLR_3_2078/A1  
false                false                ctmTdsLR_3_2078/A2  
false                false                ctmTdsLR_3_2078/ZN  
false                false                U341/A1             
false                false                U341/A2             
false                false                U341/A3             
false                false                U341/ZN             
false                false                mem_reg_3__0_1/D    
false                false                mem_reg_3__0_1/E    
false                true                 mem_reg_3__0_1/CP   
false                false                mem_reg_3__0_1/Q    
false                false                U661/A1             
false                false                U661/A2             
false                false                U661/ZN             
false                false                ctmTdsLR_1_1574/A1  
false                false                ctmTdsLR_1_1574/A2  
false                false                ctmTdsLR_1_1574/ZN  
false                false                tx_bit_cnt_reg_0_/D 
false                true                 tx_bit_cnt_reg_0_/CP
false                false                tx_bit_cnt_reg_0_/Q 
false                false                ctmTdsLR_1_2044/A1  
false                false                ctmTdsLR_1_2044/A2  
false                false                ctmTdsLR_1_2044/ZN  
false                false                ctmTdsLR_1_2054/A1  
false                false                ctmTdsLR_1_2054/A2  
false                false                ctmTdsLR_1_2054/Z   
false                false                mem_reg_3__1_1/D    
false                false                mem_reg_3__1_1/E    
false                true                 mem_reg_3__1_1/CP   
false                false                mem_reg_3__1_1/Q    
false                false                gb_reg/D            
false                true                 gb_reg/CP           
false                false                gb_reg/Q            
false                false                U80/A1              
false                false                U80/A2              
false                false                U80/A3              
false                false                U80/ZN              
false                false                ctmTdsLR_1_1012/A1  
false                false                ctmTdsLR_1_1012/A2  
false                false                ctmTdsLR_1_1012/ZN  
false                false                ctmTdsLR_1_1015/A1  
false                false                ctmTdsLR_1_1015/A2  
false                false                ctmTdsLR_1_1015/ZN  
false                false                rx_bit_cnt_reg_1_/D 
false                true                 rx_bit_cnt_reg_1_/CP
false                false                rx_bit_cnt_reg_1_/Q 
false                false                rp_reg_0_/D         
false                true                 rp_reg_0_/CP        
true                 false                rp_reg_0_/CDN       
false                false                rp_reg_0_/Q         
false                false                mem_reg_3__2_1/D    
false                false                mem_reg_3__2_1/E    
false                true                 mem_reg_3__2_1/CP   
false                false                mem_reg_3__2_1/Q    
false                false                mem_reg_1__0_1/D    
false                false                mem_reg_1__0_1/E    
false                true                 mem_reg_1__0_1/CP   
false                false                mem_reg_1__0_1/Q    
false                false                mem_reg_1__2_1/D    
false                false                mem_reg_1__2_1/E    
false                true                 mem_reg_1__2_1/CP   
false                false                mem_reg_1__2_1/Q    
false                false                gre_INV_14_inst_2667/I
false                false                gre_INV_14_inst_2667/ZN
false                false                hold_reg_reg_5_/D   
false                true                 hold_reg_reg_5_/CP  
false                false                hold_reg_reg_5_/Q   
false                false                U1310/A1            
false                false                U1310/A2            
false                false                U1310/A3            
false                false                U1310/B             
false                false                U1310/ZN            
false                false                ctmTdsLR_1_2435/A1  
false                false                ctmTdsLR_1_2435/A2  
false                false                ctmTdsLR_1_2435/B1  
false                false                ctmTdsLR_1_2435/B2  
false                false                ctmTdsLR_1_2435/ZN  
false                false                mem_reg_0__0_1/D    
false                false                mem_reg_0__0_1/E    
false                true                 mem_reg_0__0_1/CP   
false                false                mem_reg_0__0_1/Q    
false                false                mem_reg_0__5_1/D    
false                false                mem_reg_0__5_1/E    
false                true                 mem_reg_0__5_1/CP   
false                false                mem_reg_0__5_1/Q    
false                false                mem_reg_1__4_1/D    
false                false                mem_reg_1__4_1/E    
false                true                 mem_reg_1__4_1/CP   
false                false                mem_reg_1__4_1/Q    
false                false                mem_reg_0__1_1/D    
false                false                mem_reg_0__1_1/E    
false                true                 mem_reg_0__1_1/CP   
false                false                mem_reg_0__1_1/Q    
false                false                hold_reg_reg_2_/D   
false                true                 hold_reg_reg_2_/CP  
false                false                hold_reg_reg_2_/Q   
false                false                mem_reg_0__6_1/D    
false                false                mem_reg_0__6_1/E    
false                true                 mem_reg_0__6_1/CP   
false                false                mem_reg_0__6_1/Q    
false                false                ctmTdsLR_2_2439/I   
false                false                ctmTdsLR_2_2439/ZN  
false                false                mem_reg_0__3_1/D    
false                false                mem_reg_0__3_1/E    
false                true                 mem_reg_0__3_1/CP   
false                false                mem_reg_0__3_1/Q    
false                false                gre_INV_14_inst_2666/I
false                false                gre_INV_14_inst_2666/ZN
false                false                U151/A1             
false                false                U151/A2             
false                false                U151/ZN             
false                false                ctmTdsLR_1_2063/A1  
false                false                ctmTdsLR_1_2063/A2  
false                false                ctmTdsLR_1_2063/ZN  
false                false                mem_reg_0__2_1/D    
false                false                mem_reg_0__2_1/E    
false                true                 mem_reg_0__2_1/CP   
false                false                mem_reg_0__2_1/Q    
false                false                mem_reg_0__4_1/D    
false                false                mem_reg_0__4_1/E    
false                true                 mem_reg_0__4_1/CP   
false                false                mem_reg_0__4_1/Q    
false                false                mem_reg_1__6_1/D    
false                false                mem_reg_1__6_1/E    
false                true                 mem_reg_1__6_1/CP   
false                false                mem_reg_1__6_1/Q    
false                false                mem_reg_1__1_1/D    
false                false                mem_reg_1__1_1/E    
false                true                 mem_reg_1__1_1/CP   
false                false                mem_reg_1__1_1/Q    
false                false                mem_reg_1__3_1/D    
false                false                mem_reg_1__3_1/E    
false                true                 mem_reg_1__3_1/CP   
false                false                mem_reg_1__3_1/Q    
false                false                mem_reg_1__5_1/D    
false                false                mem_reg_1__5_1/E    
false                true                 mem_reg_1__5_1/CP   
false                false                mem_reg_1__5_1/Q    
false                false                hold_reg_reg_6_/D   
false                true                 hold_reg_reg_6_/CP  
false                false                hold_reg_reg_6_/Q   
false                false                hold_reg_reg_7_/D   
false                true                 hold_reg_reg_7_/CP  
false                false                hold_reg_reg_7_/Q   
false                false                hold_reg_reg_8_/D   
false                true                 hold_reg_reg_8_/CP  
false                false                hold_reg_reg_8_/Q   
false                false                ctmTdsLR_2_2502/I0  
false                false                ctmTdsLR_2_2502/I1  
false                false                ctmTdsLR_2_2502/S   
false                false                ctmTdsLR_2_2502/Z   
false                false                mem_reg_1__7_1/D    
false                false                mem_reg_1__7_1/E    
false                true                 mem_reg_1__7_1/CP   
false                false                mem_reg_1__7_1/Q    
false                false                mem_reg_0__7_1/D    
false                false                mem_reg_0__7_1/E    
false                true                 mem_reg_0__7_1/CP   
false                false                mem_reg_0__7_1/Q    
false                false                hold_reg_reg_4_/D   
false                true                 hold_reg_reg_4_/CP  
false                false                hold_reg_reg_4_/Q   
false                false                hold_reg_reg_3_/D   
false                true                 hold_reg_reg_3_/CP  
false                false                hold_reg_reg_3_/Q   
false                false                mem_reg_2__7_1/D    
false                false                mem_reg_2__7_1/E    
false                true                 mem_reg_2__7_1/CP   
false                false                mem_reg_2__7_1/Q    
false                false                ctmTdsLR_1_2438/A1  
false                false                ctmTdsLR_1_2438/A2  
false                false                ctmTdsLR_1_2438/ZN  
false                false                mem_reg_2__1_1/D    
false                false                mem_reg_2__1_1/E    
false                true                 mem_reg_2__1_1/CP   
false                false                mem_reg_2__1_1/Q    
false                false                mem_reg_2__2_1/D    
false                false                mem_reg_2__2_1/E    
false                true                 mem_reg_2__2_1/CP   
false                false                mem_reg_2__2_1/Q    
false                false                ctmTdsLR_1_1626/A1  
false                false                ctmTdsLR_1_1626/A2  
false                false                ctmTdsLR_1_1626/ZN  
false                false                tx_bit_cnt_reg_1_/D 
false                true                 tx_bit_cnt_reg_1_/CP
false                false                tx_bit_cnt_reg_1_/Q 
false                false                mem_reg_2__4_1/D    
false                false                mem_reg_2__4_1/E    
false                true                 mem_reg_2__4_1/CP   
false                false                mem_reg_2__4_1/Q    
false                false                mem_reg_2__6_1/D    
false                false                mem_reg_2__6_1/E    
false                true                 mem_reg_2__6_1/CP   
false                false                mem_reg_2__6_1/Q    
false                false                wp_reg_0_1/D        
false                true                 wp_reg_0_1/CP       
true                 false                wp_reg_0_1/CDN      
false                false                wp_reg_0_1/Q        
false                false                ctmTdsLR_1_2459/A1  
false                false                ctmTdsLR_1_2459/A2  
false                false                ctmTdsLR_1_2459/B   
false                false                ctmTdsLR_1_2459/ZN  
false                false                mem_reg_2__0_1/D    
false                false                mem_reg_2__0_1/E    
false                true                 mem_reg_2__0_1/CP   
false                false                mem_reg_2__0_1/Q    
false                false                wp_reg_1_1/D        
false                true                 wp_reg_1_1/CP       
true                 false                wp_reg_1_1/CDN      
false                false                wp_reg_1_1/Q        
false                false                mem_reg_2__3_1/D    
false                false                mem_reg_2__3_1/E    
false                true                 mem_reg_2__3_1/CP   
false                false                mem_reg_2__3_1/Q    
false                false                mem_reg_2__5_1/D    
false                false                mem_reg_2__5_1/E    
false                true                 mem_reg_2__5_1/CP   
false                false                mem_reg_2__5_1/Q    
false                false                ctmTdsLR_1_2442/A1  
false                false                ctmTdsLR_1_2442/A2  
false                false                ctmTdsLR_1_2442/A3  
false                false                ctmTdsLR_1_2442/ZN  
false                false                gb_reg1/D           
false                true                 gb_reg1/CP          
false                false                gb_reg1/Q           
false                false                ctmTdsLR_2_1627/A1  
false                false                ctmTdsLR_2_1627/A2  
false                false                ctmTdsLR_2_1627/A3  
false                false                ctmTdsLR_2_1627/B   
false                false                ctmTdsLR_2_1627/ZN  
false                false                tx_bit_cnt_reg_3_/D 
false                true                 tx_bit_cnt_reg_3_/CP
false                false                tx_bit_cnt_reg_3_/Q 
false                false                tx_bit_cnt_reg_2_/D 
false                true                 tx_bit_cnt_reg_2_/CP
false                false                tx_bit_cnt_reg_2_/Q 

false                true                 clk                 
false                false                rst                 
false                false                rxd_i               
false                false                txd_o               
false                false                cts_i               
false                false                rts_o               
false                false                sio_ce              
false                false                sio_ce_x4           
false                false                din_i[7]            
false                false                din_i[6]            
false                false                din_i[5]            
false                false                din_i[4]            
false                false                din_i[3]            
false                false                din_i[2]            
false                false                din_i[1]            
false                false                din_i[0]            
false                false                dout_o[7]           
false                false                dout_o[6]           
false                false                dout_o[5]           
false                false                dout_o[4]           
false                false                dout_o[3]           
false                false                dout_o[2]           
false                false                dout_o[1]           
false                false                dout_o[0]           
false                false                re_i                
false                false                we_i                
false                false                full_o              
false                false                empty_o             
false                false                VDD                 
false                false                VSS                 

