Setup violations
--------------------------------------------------------------------------------------------
                Total         reg->reg          in->reg         reg->out          in->out
--------------------------------------------------------------------------------------------
WNS  -0.0727280676365 -0.0727280676365  0.0000000000000 -0.0344203710556  0.0000000000000
TNS  -0.7442328035831 -0.4771035611629  0.0000000000000 -0.2671292424202  0.0000000000000
NUM                36               26                0               10                0
--------------------------------------------------------------------------------------------


Hold violations
--------------------------------------------------------------------------------------------
                Total         reg->reg          in->reg         reg->out          in->out
--------------------------------------------------------------------------------------------
WNS  -0.0454930327833  0.0000000000000 -0.0454930327833  0.0000000000000  0.0000000000000
TNS  -0.9605028554797  0.0000000000000 -0.9605028554797  0.0000000000000  0.0000000000000
NUM                48                0               48                0                0
--------------------------------------------------------------------------------------------

1
