Setup violations
--------------------------------------------------------------------------------------------
                Total         reg->reg          in->reg         reg->out          in->out
--------------------------------------------------------------------------------------------
WNS  -0.0932484418154 -0.0932484418154  0.0000000000000 -0.0454823970795  0.0000000000000
TNS  -1.3152372539043 -1.0629034936428  0.0000000000000 -0.2523337602615  0.0000000000000
NUM                66               56                0               10                0
--------------------------------------------------------------------------------------------


Hold violations
--------------------------------------------------------------------------------------------
                Total         reg->reg          in->reg         reg->out          in->out
--------------------------------------------------------------------------------------------
WNS  -0.0357522629201  0.0000000000000 -0.0357522629201  0.0000000000000  0.0000000000000
TNS  -0.4136203229427  0.0000000000000 -0.4136203229427  0.0000000000000  0.0000000000000
NUM                28                0               28                0                0
--------------------------------------------------------------------------------------------

1
