Max_Rise             Max_Fall             Min_Rise             Min_Fall             Point               
----------------------------------------------------------------------------------------------------
NA                   0                    NA                   0                    clk                 
0                    0                    0                    0                    rst                 
0                    0                    0                    0                    rxd_i               
0.165663             0.192494             0.164529             0.191093             txd_o               
0                    0                    0                    0                    cts_i               
0.16173              0.197254             0.160115             0.195622             rts_o               
0                    0                    0                    0                    sio_ce              
0                    0                    0                    0                    sio_ce_x4           
0                    0                    0                    0                    din_i[7]            
0                    0                    0                    0                    din_i[6]            
0                    0                    0                    0                    din_i[5]            
0                    0                    0                    0                    din_i[4]            
0                    0                    0                    0                    din_i[3]            
0                    0                    0                    0                    din_i[2]            
0                    0                    0                    0                    din_i[1]            
0                    0                    0                    0                    din_i[0]            
0.289265             0.291633             0.215069             0.235645             dout_o[7]           
0.28972              0.303095             0.235346             0.225917             dout_o[6]           
0.289869             0.290475             0.233256             0.224146             dout_o[5]           
0.287749             0.284145             0.207206             0.226923             dout_o[4]           
0.291779             0.297927             0.23834              0.230146             dout_o[3]           
0.291069             0.299988             0.201029             0.224488             dout_o[2]           
0.297157             0.298982             0.245281             0.234996             dout_o[1]           
0.2935               0.2945               0.230099             0.219429             dout_o[0]           
0                    0                    0                    0                    re_i                
0                    0                    0                    0                    we_i                
0.294749             0.247527             0.240089             0.216296             full_o              
0.253943             0.239486             0.161147             0.109865             empty_o             
*                    *                    *                    *                    VDD                 
*                    *                    *                    *                    VSS                 

